
> context-wizard@0.1.0 test
> jest src/__tests__/fallback.test.ts --verbose

  console.warn
    OpenRouter failed, falling back to Gemini {
      error: 'Credit exhausted',
      status: 401,
      tier: 'free',
      timestamp: '2025-11-21T10:50:16.263Z'
    }

    [0m [90m 269 |[39m     [90m// Check if we should fallback to Gemini[39m
     [90m 270 |[39m     [36mif[39m (shouldFallbackToGemini(error)) {
    [31m[1m>[22m[39m[90m 271 |[39m       console[33m.[39mwarn([32m'OpenRouter failed, falling back to Gemini'[39m[33m,[39m {
     [90m     |[39m               [31m[1m^[22m[39m
     [90m 272 |[39m         error[33m:[39m error[33m.[39mmessage[33m,[39m
     [90m 273 |[39m         status[33m:[39m error[33m.[39mstatus[33m,[39m
     [90m 274 |[39m         tier[33m:[39m userTier[33m,[39m[0m

      at warn (src/lib/openrouter.ts:271:15)
      at Object.<anonymous> (src/__tests__/fallback.test.ts:76:24)

  console.info
    Gemini fallback succeeded { tier: 'free', timestamp: '2025-11-21T10:50:16.298Z' }

      at info (src/lib/openrouter.ts:280:17)

npm : FAIL src/__tests__/fallback.test.ts (17.524 s)
At line:1 char:1
+ npm test src/__tests__/fallback.test.ts -- --verbose > test_output.tx ...
+ ~~~~~~~~~~~~~~~~~~~~~~~~~~~~~~~~~~~~~~~~~~~~~~~~~~~~~~~~~~~~~~~~~~~~~
    + CategoryInfo          : NotSpecified: (FAIL src/__test...t.ts (17.524 s): 
   String) [], RemoteException
    + FullyQualifiedErrorId : NativeCommandError
 
  API Fallback Logic
    ΓêÜ should use OpenRouter when successful (4 ms)
    ├ù should fallback to Gemini on 429 Rate Limit (5627 ms)
    ├ù should fallback to Gemini on 503 Service Unavailable (5641 ms)
    ΓêÜ should fallback to Gemini on Credit Exhaustion (38 ms)
    ΓêÜ should NOT fallback on invalid API key (1 ms)
    ├ù should throw if both providers fail (5650 ms)

  ΓùÅ API Fallback Logic ΓÇ║ should fallback to Gemini on 429 Rate Limit

    TypeError: Cannot read properties of undefined (reading 'status')

    [0m [90m 109 |[39m     [36mtry[39m {
     [90m 110 |[39m       [36mconst[39m res [33m=[39m [36mawait[39m 
fetch(input[33m,[39m init)[33m;[39m
    [31m[1m>[22m[39m[90m 111 |[39m       [36mif[39m 
(res[33m.[39mstatus [33m===[39m [35m429[39m [33m||[39m 
res[33m.[39mstatus [33m===[39m [35m503[39m) {
     [90m     |[39m               [31m[1m^[22m[39m
     [90m 112 |[39m         [36mif[39m (attempt [33m>=[39m 
opts[33m.[39mmaxRetries) [36mreturn[39m res[33m;[39m
     [90m 113 |[39m         [36mconst[39m retryAfter [33m=[39m res[33m.[
39mheaders[33m.[39m[36mget[39m([32m'retry-after'[39m)[33m;[39m
     [90m 114 |[39m         [36mconst[39m retryMs [33m=[39m retryAfter 
[33m?[39m [33mNumber[39m(retryAfter) [33m*[39m [35m1000[39m [33m:[39m 
delay[33m;[39m[0m

      at status (src/lib/openrouter.ts:111:15)
      at generateWithOpenRouter (src/lib/openrouter.ts:247:17)
      at Object.<anonymous> (src/__tests__/fallback.test.ts:45:24)

  ΓùÅ API Fallback Logic ΓÇ║ should fallback to Gemini on 503 Service 
Unavailable

    TypeError: Cannot read properties of undefined (reading 'status')

    [0m [90m 109 |[39m     [36mtry[39m {
     [90m 110 |[39m       [36mconst[39m res [33m=[39m [36mawait[39m 
fetch(input[33m,[39m init)[33m;[39m
    [31m[1m>[22m[39m[90m 111 |[39m       [36mif[39m 
(res[33m.[39mstatus [33m===[39m [35m429[39m [33m||[39m 
res[33m.[39mstatus [33m===[39m [35m503[39m) {
     [90m     |[39m               [31m[1m^[22m[39m
     [90m 112 |[39m         [36mif[39m (attempt [33m>=[39m 
opts[33m.[39mmaxRetries) [36mreturn[39m res[33m;[39m
     [90m 113 |[39m         [36mconst[39m retryAfter [33m=[39m res[33m.[
39mheaders[33m.[39m[36mget[39m([32m'retry-after'[39m)[33m;[39m
     [90m 114 |[39m         [36mconst[39m retryMs [33m=[39m retryAfter 
[33m?[39m [33mNumber[39m(retryAfter) [33m*[39m [35m1000[39m [33m:[39m 
delay[33m;[39m[0m

      at status (src/lib/openrouter.ts:111:15)
      at generateWithOpenRouter (src/lib/openrouter.ts:247:17)
      at Object.<anonymous> (src/__tests__/fallback.test.ts:61:24)

  ΓùÅ API Fallback Logic ΓÇ║ should throw if both providers fail

    expect(received).rejects.toThrow(expected)

    Expected substring: "Rate limit exceeded"
    Received message:   "Cannot read properties of undefined (reading 'status')"

        [0m [90m 109 |[39m     [36mtry[39m {
         [90m 110 |[39m       [36mconst[39m res [33m=[39m [36mawait[39m 
fetch(input[33m,[39m init)[33m;[39m
        [31m[1m>[22m[39m[90m 111 |[39m       [36mif[39m 
(res[33m.[39mstatus [33m===[39m [35m429[39m [33m||[39m 
res[33m.[39mstatus [33m===[39m [35m503[39m) {
         [90m     |[39m               [31m[1m^[22m[39m
         [90m 112 |[39m         [36mif[39m (attempt [33m>=[39m 
opts[33m.[39mmaxRetries) [36mreturn[39m res[33m;[39m
         [90m 113 |[39m         [36mconst[39m retryAfter [33m=[39m res[33
m.[39mheaders[33m.[39m[36mget[39m([32m'retry-after'[39m)[33m;[39m
         [90m 114 |[39m         [36mconst[39m retryMs [33m=[39m 
retryAfter [33m?[39m [33mNumber[39m(retryAfter) [33m*[39m [35m1000[39m 
[33m:[39m delay[33m;[39m[0m

      at status (src/lib/openrouter.ts:111:15)
      at generateWithOpenRouter (src/lib/openrouter.ts:247:17)
      at Object.<anonymous> (src/__tests__/fallback.test.ts:105:9)
      at Object.toThrow (node_modules/expect/build/index.js:218:22)
      at Object.toThrow (src/__tests__/fallback.test.ts:106:22)

Test Suites: 1 failed, 1 total
Tests:       3 failed, 3 passed, 6 total
Snapshots:   0 total
Time:        18.4 s
Ran all test suites matching /src\\__tests__\\fallback.test.ts/i.
